Microchip MPLAB XC8 Compiler V2.05 ()

Linker command line:

-W-3 --edf=/Applications/microchip/xc8/v2.05/pic/dat/en_msgs.txt \
  -pivt0x8=08h -cs \
  -h+dist/default/production/Serial_Interface.X.production.sym \
  --cmf=dist/default/production/Serial_Interface.X.production.cmf -z \
  -Q18F46K42 -o/tmp/xc93cZ7bt --defsym=__MPLAB_BUILD=1 \
  -Mdist/default/production/Serial_Interface.X.production.map -E1 -ver=XC8 \
  --acfsm=1493 -ASTACK=060h-0FFFh -pstack=STACK -ACODE=00h-0FFFFh \
  -ACONST=00h-0FFFFh -ASMALLCONST=01000h-010FFhx240 \
  -AMEDIUMCONST=01000h-0FFFFh -ACOMRAM=01h-05Fh -AABS1=00h-0FFFh \
  -ABIGRAM=01h-0FFFh -ARAM=060h-0FFh,0100h-01FFhx15 -ABANK0=060h-0FFh \
  -ABANK1=0100h-01FFh -ABANK2=0200h-02FFh -ABANK3=0300h-03FFh \
  -ABANK4=0400h-04FFh -ABANK5=0500h-05FFh -ABANK6=0600h-06FFh \
  -ABANK7=0700h-07FFh -ABANK8=0800h-08FFh -ABANK9=0900h-09FFh \
  -ABANK10=0A00h-0AFFh -ABANK11=0B00h-0BFFh -ABANK12=0C00h-0CFFh \
  -ABANK13=0D00h-0DFFh -ABANK14=0E00h-0EFFh -ABANK15=0F00h-0FFFh \
  -ASFR=03800h-038FFhx7,03F00h-03F5Fh,03F60h-03FFFh -preset_vec=00h \
  -ppowerup=CODE,init -pramtop=01000h -psmallconst=SMALLCONST \
  -pmediumconst=MEDIUMCONST -pconst=CONST -AFARRAM=00h-00h \
  -ACONFIG=0300000h-0300009h -pconfig=CONFIG -AIDLOC=0200000h-020000Fh \
  -pidloc=IDLOC -AEEDATA=0310000h-03103FFh -peeprom_data=EEDATA \
  -prdata=COMRAM,nvrram=COMRAM,nvbit=COMRAM,rbss=COMRAM,rbit=COMRAM \
  -pfarbss=FARRAM,fardata=FARRAM,nvFARRAM=FARRAM \
  -pintsave_regs=BIGRAM,bigbss=BIGRAM,bigdata=BIGRAM -pbss=RAM \
  -pidata=CODE,irdata=CODE,ibigdata=CODE,ifardata=CODE -prparam=COMRAM \
  /tmp/xcJcIR3we.o dist/default/production/Serial_Interface.X.production.o 

Object code version is 3.11

Machine type is 18F46K42

Call graph: (short form)




                Name                               Link     Load   Length Selector   Space Scale
/tmp/xcJcIR3we.o
                init                                 1A       1A        4        4       0
                reset_vec                             0        0        4        0       0
                idloc                            200000   200000       10   200000       0
                config                           300000   300000        A   300000       0
dist/default/production/Serial_Interface.X.production.o
                smallconst                         1000     1000       1C      800       0
                ivt0x8                                8        8       12        4       0
                text17                             131E     131E        8      80E       0
                text16                             12D2     12D2       10      80E       0
                text15                             1224     1224       2C      80E       0
                text14                             11F8     11F8       2C      80E       0
                text13                             119A     119A       30      80E       0
                text12                             1316     1316        8      80E       0
                text11                             12AA     12AA       18      80E       0
                text10                             101C     101C       B2      80E       0
                text9                              1272     1272       1E      80E       0
                text8                              12FE     12FE        E      80E       0
                text7                              12F0     12F0        E      80E       0
                text6                              12E2     12E2        E      80E       0
                text5                              10CE     10CE       68      80E       0
                text4                              1250     1250       22      80E       0
                text3                              12C2     12C2       10      80E       0
                text2                              130C     130C        A      80E       0
                text1                              11CA     11CA       2E      80E       0
                text0                              1136     1136       64      80E       0
                cstackCOMRAM                          1        1        8        1       1
                bssCOMRAM                             F        F        4        1       1
                cinit                              1290     1290       1A      80E       0
                nvCOMRAM                              9        9        6        1       1

TOTAL           Name                               Link     Load   Length     Space
        CLASS   STACK          

        CLASS   CODE           
                init                                 1A       1A        4         0
                reset_vec                             0        0        4         0
                ivt0x8                                8        8       12         0
                text17                             131E     131E        8         0
                text16                             12D2     12D2       10         0
                text15                             1224     1224       2C         0
                text14                             11F8     11F8       2C         0
                text13                             119A     119A       30         0
                text12                             1316     1316        8         0
                text11                             12AA     12AA       18         0
                text10                             101C     101C       B2         0
                text9                              1272     1272       1E         0
                text8                              12FE     12FE        E         0
                text7                              12F0     12F0        E         0
                text6                              12E2     12E2        E         0
                text5                              10CE     10CE       68         0
                text4                              1250     1250       22         0
                text3                              12C2     12C2       10         0
                text2                              130C     130C        A         0
                text1                              11CA     11CA       2E         0
                text0                              1136     1136       64         0
                cinit                              1290     1290       1A         0

        CLASS   CONST          

        CLASS   SMALLCONST     
                smallconst                         1000     1000       1C         0

        CLASS   MEDIUMCONST    

        CLASS   COMRAM         
                cstackCOMRAM                          1        1        8         1
                bssCOMRAM                             F        F        4         1
                nvCOMRAM                              9        9        6         1

        CLASS   ABS1           

        CLASS   BIGRAM         

        CLASS   RAM            

        CLASS   BANK0          

        CLASS   BANK1          

        CLASS   BANK2          

        CLASS   BANK3          

        CLASS   BANK4          

        CLASS   BANK5          

        CLASS   BANK6          

        CLASS   BANK7          

        CLASS   BANK8          

        CLASS   BANK9          

        CLASS   BANK10         

        CLASS   BANK11         

        CLASS   BANK12         

        CLASS   BANK13         

        CLASS   BANK14         

        CLASS   BANK15         

        CLASS   SFR            

        CLASS   FARRAM         

        CLASS   CONFIG         
                config                           300000   300000        A         0

        CLASS   IDLOC          
                idloc                            200000   200000       10         0

        CLASS   EEDATA         



SEGMENTS        Name                           Load    Length   Top    Selector   Space  Class

                reset_vec                      000000  000004  000004         0       0  CODE    
                cstackCOMRAM                   000001  000012  000013         1       1  COMRAM  
                text10                         00101C  00030A  001326       80E       0  CODE    
                ivt0x8                         000008  000016  00001E         4       0  CODE    
                idloc                          200000  000010  200010    200000       0  IDLOC   
                config                         300000  00000A  30000A    300000       0  CONFIG  
                smallconst                     001000  00001C  00101C       800       0  SMALLCON


UNUSED ADDRESS RANGES

        Name                Unused          Largest block    Delta
        BANK0            000060-0000FF               A0
        BANK1            000100-0001FF              100
        BANK10           000A00-000AFF              100
        BANK11           000B00-000BFF              100
        BANK12           000C00-000CFF              100
        BANK13           000D00-000DFF              100
        BANK14           000E00-000EFF              100
        BANK15           000F00-000FFF              100
        BANK2            000200-0002FF              100
        BANK3            000300-0003FF              100
        BANK4            000400-0004FF              100
        BANK5            000500-0005FF              100
        BANK6            000600-0006FF              100
        BANK7            000700-0007FF              100
        BANK8            000800-0008FF              100
        BANK9            000900-0009FF              100
        BIGRAM           000013-000FFF              FED
        CODE             000004-000007                4
                         00001E-000FFF              FE2
                         001326-00FFFF             ECDA
        COMRAM           000013-00005F               4D
        CONST            000004-000007                4
                         00001E-000FFF              FE2
                         001326-00FFFF             ECDA
        EEDATA           310000-3103FF              400
        MEDIUMCONST      001326-00FFFF             ECDA
        RAM              000060-000FFF              100
        SFR              003800-003FFF              100
        SMALLCONST       001326-00FFFF              100
        STACK            000060-000FFF              FA0

                                  Symbol Table

?_printf                                      cstackCOMRAM 000003
IVTBASEH                                      (abs)        003FD6
IVTBASEL                                      (abs)        003FD5
IVTBASEU                                      (abs)        003FD7
UART1_SetErrorHandler@interruptHandler        cstackCOMRAM 000001
UART1_SetFramingErrorHandler@interruptHandler cstackCOMRAM 000001
UART1_SetOverrunErrorHandler@interruptHandler cstackCOMRAM 000001
UART1_Write@txData                            cstackCOMRAM 000001
_ANSELA                                       (abs)        003A40
_ANSELB                                       (abs)        003A50
_ANSELC                                       (abs)        003A60
_ANSELD                                       (abs)        003A70
_ANSELE                                       (abs)        003A80
_ActionFlag                                   bssCOMRAM    000011
_ButtonPressed                                bssCOMRAM    00000F
_CLC1CON                                      (abs)        003C74
_CLC1GLS0                                     (abs)        003C7A
_CLC1GLS1                                     (abs)        003C7B
_CLC1GLS2                                     (abs)        003C7C
_CLC1GLS3                                     (abs)        003C7D
_CLC1POL                                      (abs)        003C75
_CLC1SEL0                                     (abs)        003C76
_CLC1SEL1                                     (abs)        003C77
_CLC1SEL2                                     (abs)        003C78
_CLC1SEL3                                     (abs)        003C79
_CLC1_Initialize                              text15       001224
_CLC2CON                                      (abs)        003C6A
_CLC2CONbits                                  (abs)        003C6A
_CLC2GLS0                                     (abs)        003C70
_CLC2GLS1                                     (abs)        003C71
_CLC2GLS2                                     (abs)        003C72
_CLC2GLS3                                     (abs)        003C73
_CLC2POL                                      (abs)        003C6B
_CLC2SEL0                                     (abs)        003C6C
_CLC2SEL1                                     (abs)        003C6D
_CLC2SEL2                                     (abs)        003C6E
_CLC2SEL3                                     (abs)        003C6F
_CLC2_Initialize                              text14       0011F8
_CLC3CON                                      (abs)        003C60
_CLC3GLS0                                     (abs)        003C66
_CLC3GLS1                                     (abs)        003C67
_CLC3GLS2                                     (abs)        003C68
_CLC3GLS3                                     (abs)        003C69
_CLC3POL                                      (abs)        003C61
_CLC3SEL0                                     (abs)        003C62
_CLC3SEL1                                     (abs)        003C63
_CLC3SEL2                                     (abs)        003C64
_CLC3SEL3                                     (abs)        003C65
_CLC3_ISR                                     text17       00131E
_CLC3_Initialize                              text13       00119A
_CLCIN0PPS                                    (abs)        003AD9
_CLCIN1PPS                                    (abs)        003ADA
_CLCIN2PPS                                    (abs)        003ADB
_CLCIN3PPS                                    (abs)        003ADC
_INLVLA                                       (abs)        003A44
_INLVLB                                       (abs)        003A54
_INLVLC                                       (abs)        003A64
_INLVLD                                       (abs)        003A74
_INLVLE                                       (abs)        003A84
_INTCON0bits                                  (abs)        003FD2
_INTERRUPT_Initialize                         text12       001316
_INTERRUPT_InterruptManagerHigh               text16       0012D2
_IPR9bits                                     (abs)        003989
_LATA                                         (abs)        003FBA
_LATB                                         (abs)        003FBB
_LATC                                         (abs)        003FBC
_LATD                                         (abs)        003FBD
_LATE                                         (abs)        003FBE
_ODCONA                                       (abs)        003A42
_ODCONB                                       (abs)        003A52
_ODCONC                                       (abs)        003A62
_ODCOND                                       (abs)        003A72
_ODCONE                                       (abs)        003A82
_OSCCON1                                      (abs)        0039D9
_OSCCON3                                      (abs)        0039DB
_OSCEN                                        (abs)        0039DD
_OSCFRQ                                       (abs)        0039DF
_OSCILLATOR_Initialize                        text11       0012AA
_OSCTUNE                                      (abs)        0039DE
_PIE9bits                                     (abs)        003999
_PIN_MANAGER_Initialize                       text10       00101C
_PIR3bits                                     (abs)        0039A3
_PIR9bits                                     (abs)        0039A9
_PMD0                                         (abs)        0039C0
_PMD1                                         (abs)        0039C1
_PMD2                                         (abs)        0039C2
_PMD3                                         (abs)        0039C3
_PMD4                                         (abs)        0039C4
_PMD5                                         (abs)        0039C5
_PMD6                                         (abs)        0039C6
_PMD7                                         (abs)        0039C7
_PMD_Initialize                               text9        001272
_RB1I2C                                       (abs)        003A5A
_RB1PPS                                       (abs)        003A09
_RB2I2C                                       (abs)        003A5B
_RB2PPS                                       (abs)        003A0A
_RC3I2C                                       (abs)        003A6A
_RC4I2C                                       (abs)        003A6B
_RD0I2C                                       (abs)        003A7A
_RD1I2C                                       (abs)        003A7B
_ReadBuffer                                   bssCOMRAM    000010
_SLRCONA                                      (abs)        003A43
_SLRCONB                                      (abs)        003A53
_SLRCONC                                      (abs)        003A63
_SLRCOND                                      (abs)        003A73
_SLRCONE                                      (abs)        003A83
_SYSTEM_Initialize                            text4        001250
_TRISA                                        (abs)        003FC2
_TRISB                                        (abs)        003FC3
_TRISC                                        (abs)        003FC4
_TRISD                                        (abs)        003FC5
_TRISE                                        (abs)        003FC6
_U1BRGH                                       (abs)        003DF6
_U1BRGL                                       (abs)        003DF5
_U1CON0                                       (abs)        003DF2
_U1CON1                                       (abs)        003DF3
_U1CON2                                       (abs)        003DF4
_U1CTSPPS                                     (abs)        003AE6
_U1ERRIE                                      (abs)        003DFA
_U1ERRIR                                      (abs)        003DF9
_U1FIFO                                       (abs)        003DF7
_U1P1H                                        (abs)        003DED
_U1P1L                                        (abs)        003DEC
_U1P2H                                        (abs)        003DEF
_U1P2L                                        (abs)        003DEE
_U1P3H                                        (abs)        003DF1
_U1P3L                                        (abs)        003DF0
_U1RXB                                        (abs)        003DE8
_U1RXPPS                                      (abs)        003AE5
_U1TXB                                        (abs)        003DEA
_U1UIR                                        (abs)        003DF8
_UART1_DefaultErrorHandler                    (abs)        000000
_UART1_DefaultFramingErrorHandler             (abs)        000000
_UART1_DefaultOverrunErrorHandler             (abs)        000000
_UART1_ErrorHandler                           nvCOMRAM     000009
_UART1_FramingErrorHandler                    nvCOMRAM     00000D
_UART1_Initialize                             text5        0010CE
_UART1_OverrunErrorHandler                    nvCOMRAM     00000B
_UART1_SetErrorHandler                        text8        0012FE
_UART1_SetFramingErrorHandler                 text7        0012F0
_UART1_SetOverrunErrorHandler                 text6        0012E2
_UART1_Write                                  text3        0012C2
_WPUA                                         (abs)        003A41
_WPUB                                         (abs)        003A51
_WPUC                                         (abs)        003A61
_WPUD                                         (abs)        003A71
_WPUE                                         (abs)        003A81
__CFG_BBEN$OFF                                (abs)        000000
__CFG_BBSIZE$BBSIZE_512                       (abs)        000000
__CFG_BOREN$SBORDIS                           (abs)        000000
__CFG_BORV$VBOR_2P45                          (abs)        000000
__CFG_CLKOUTEN$OFF                            (abs)        000000
__CFG_CP$OFF                                  (abs)        000000
__CFG_CSWEN$ON                                (abs)        000000
__CFG_DEBUG$OFF                               (abs)        000000
__CFG_FCMEN$ON                                (abs)        000000
__CFG_FEXTOSC$OFF                             (abs)        000000
__CFG_IVT1WAY$ON                              (abs)        000000
__CFG_LPBOREN$OFF                             (abs)        000000
__CFG_LVP$ON                                  (abs)        000000
__CFG_MCLRE$EXTMCLR                           (abs)        000000
__CFG_MVECEN$OFF                              (abs)        000000
__CFG_PPS1WAY$ON                              (abs)        000000
__CFG_PR1WAY$ON                               (abs)        000000
__CFG_PWRTS$PWRT_OFF                          (abs)        000000
__CFG_RSTOSC$HFINTOSC_64MHZ                   (abs)        000000
__CFG_SAFEN$OFF                               (abs)        000000
__CFG_STVREN$ON                               (abs)        000000
__CFG_WDTCCS$SC                               (abs)        000000
__CFG_WDTCPS$WDTCPS_31                        (abs)        000000
__CFG_WDTCWS$WDTCWS_7                         (abs)        000000
__CFG_WDTE$OFF                                (abs)        000000
__CFG_WRTAPP$OFF                              (abs)        000000
__CFG_WRTB$OFF                                (abs)        000000
__CFG_WRTC$OFF                                (abs)        000000
__CFG_WRTD$OFF                                (abs)        000000
__CFG_WRTSAF$OFF                              (abs)        000000
__CFG_XINST$OFF                               (abs)        000000
__CFG_ZCD$OFF                                 (abs)        000000
__HRAM                                        (abs)        000000
__Habs1                                       abs1         000000
__Hbank0                                      bank0        000000
__Hbank1                                      bank1        000000
__Hbank10                                     bank10       000000
__Hbank11                                     bank11       000000
__Hbank12                                     bank12       000000
__Hbank13                                     bank13       000000
__Hbank14                                     bank14       000000
__Hbank15                                     bank15       000000
__Hbank2                                      bank2        000000
__Hbank3                                      bank3        000000
__Hbank4                                      bank4        000000
__Hbank5                                      bank5        000000
__Hbank6                                      bank6        000000
__Hbank7                                      bank7        000000
__Hbank8                                      bank8        000000
__Hbank9                                      bank9        000000
__Hbigbss                                     bigbss       000000
__Hbigdata                                    bigdata      000000
__Hbigram                                     bigram       000000
__Hbss                                        bss          000000
__HbssCOMRAM                                  bssCOMRAM    000000
__Hcinit                                      cinit        000000
__Hclrtext                                    clrtext      000000
__Hcomram                                     comram       000000
__Hconfig                                     config       30000A
__Hconst                                      const        000000
__HcstackCOMRAM                               cstackCOMRAM 000000
__Hdata                                       data         000000
__Heeprom_data                                eeprom_data  000000
__Hfarbss                                     farbss       000000
__Hfardata                                    fardata      000000
__Hibigdata                                   ibigdata     000000
__Hidata                                      idata        000000
__Hidloc                                      idloc        200010
__Hifardata                                   ifardata     000000
__Hinit                                       init         00001E
__Hintsave_regs                               intsave_regs 000000
__Hirdata                                     irdata       000000
__Hivt0x8                                     ivt0x8       00001A
__Hmediumconst                                mediumconst  000000
__HnvCOMRAM                                   nvCOMRAM     000000
__HnvFARRAM                                   nvFARRAM     000000
__Hnvbit                                      nvbit        000000
__Hnvrram                                     nvrram       000000
__Hparam                                      rparam       000000
__Hpowerup                                    powerup      000000
__Hram                                        ram          000000
__Hramtop                                     ramtop       001000
__Hrbit                                       rbit         000000
__Hrbss                                       rbss         000000
__Hrdata                                      rdata        000000
__Hreset_vec                                  reset_vec    000004
__Hrparam                                     rparam       000000
__Hsfr                                        sfr          000000
__Hsmallconst                                 smallconst   00101C
__Hspace_0                                    (abs)        30000A
__Hspace_1                                    (abs)        000013
__Hspace_2                                    (abs)        000000
__Hstack                                      stack        000000
__Hstruct                                     struct       000000
__Htemp                                       temp         000000
__Htext                                       text         000000
__Htext0                                      text0        000000
__Htext1                                      text1        000000
__Htext10                                     text10       000000
__Htext11                                     text11       000000
__Htext12                                     text12       000000
__Htext13                                     text13       000000
__Htext14                                     text14       000000
__Htext15                                     text15       000000
__Htext16                                     text16       000000
__Htext17                                     text17       000000
__Htext2                                      text2        000000
__Htext3                                      text3        000000
__Htext4                                      text4        000000
__Htext5                                      text5        000000
__Htext6                                      text6        000000
__Htext7                                      text7        000000
__Htext8                                      text8        000000
__Htext9                                      text9        000000
__LRAM                                        (abs)        000001
__Labs1                                       abs1         000000
__Lbank0                                      bank0        000000
__Lbank1                                      bank1        000000
__Lbank10                                     bank10       000000
__Lbank11                                     bank11       000000
__Lbank12                                     bank12       000000
__Lbank13                                     bank13       000000
__Lbank14                                     bank14       000000
__Lbank15                                     bank15       000000
__Lbank2                                      bank2        000000
__Lbank3                                      bank3        000000
__Lbank4                                      bank4        000000
__Lbank5                                      bank5        000000
__Lbank6                                      bank6        000000
__Lbank7                                      bank7        000000
__Lbank8                                      bank8        000000
__Lbank9                                      bank9        000000
__Lbigbss                                     bigbss       000000
__Lbigdata                                    bigdata      000000
__Lbigram                                     bigram       000000
__Lbss                                        bss          000000
__LbssCOMRAM                                  bssCOMRAM    000000
__Lcinit                                      cinit        000000
__Lclrtext                                    clrtext      000000
__Lcomram                                     comram       000000
__Lconfig                                     config       300000
__Lconst                                      const        000000
__LcstackCOMRAM                               cstackCOMRAM 000000
__Ldata                                       data         000000
__Leeprom_data                                eeprom_data  000000
__Lfarbss                                     farbss       000000
__Lfardata                                    fardata      000000
__Libigdata                                   ibigdata     000000
__Lidata                                      idata        000000
__Lidloc                                      idloc        200000
__Lifardata                                   ifardata     000000
__Linit                                       init         00001A
__Lintsave_regs                               intsave_regs 000000
__Lirdata                                     irdata       000000
__Livt0x8                                     ivt0x8       000008
__Lmediumconst                                mediumconst  000000
__LnvCOMRAM                                   nvCOMRAM     000000
__LnvFARRAM                                   nvFARRAM     000000
__Lnvbit                                      nvbit        000000
__Lnvrram                                     nvrram       000000
__Lparam                                      rparam       000000
__Lpowerup                                    powerup      000000
__Lram                                        ram          000000
__Lramtop                                     ramtop       001000
__Lrbit                                       rbit         000000
__Lrbss                                       rbss         000000
__Lrdata                                      rdata        000000
__Lreset_vec                                  reset_vec    000000
__Lrparam                                     rparam       000000
__Lsfr                                        sfr          000000
__Lsmallconst                                 smallconst   001000
__Lspace_0                                    (abs)        000000
__Lspace_1                                    (abs)        000000
__Lspace_2                                    (abs)        000000
__Lstack                                      stack        000000
__Lstruct                                     struct       000000
__Ltemp                                       temp         000000
__Ltext                                       text         000000
__Ltext0                                      text0        000000
__Ltext1                                      text1        000000
__Ltext10                                     text10       000000
__Ltext11                                     text11       000000
__Ltext12                                     text12       000000
__Ltext13                                     text13       000000
__Ltext14                                     text14       000000
__Ltext15                                     text15       000000
__Ltext16                                     text16       000000
__Ltext17                                     text17       000000
__Ltext2                                      text2        000000
__Ltext3                                      text3        000000
__Ltext4                                      text4        000000
__Ltext5                                      text5        000000
__Ltext6                                      text6        000000
__Ltext7                                      text7        000000
__Ltext8                                      text8        000000
__Ltext9                                      text9        000000
__S0                                          (abs)        30000A
__S1                                          (abs)        000013
__S2                                          (abs)        000000
___inthi_sp                                   stack        000000
___intlo_sp                                   stack        000000
___param_bank                                 (abs)        000000
___rparam_used                                (abs)        000001
___sp                                         stack        000000
__accesstop                                   (abs)        000060
__activetblptr                                (abs)        000003
__end_of_CLC1_Initialize                      text15       001250
__end_of_CLC2_Initialize                      text14       001224
__end_of_CLC3_ISR                             text17       001326
__end_of_CLC3_Initialize                      text13       0011CA
__end_of_INTERRUPT_Initialize                 text12       00131E
__end_of_INTERRUPT_InterruptManagerHigh       text16       0012E2
__end_of_OSCILLATOR_Initialize                text11       0012C2
__end_of_PIN_MANAGER_Initialize               text10       0010CE
__end_of_PMD_Initialize                       text9        001290
__end_of_SYSTEM_Initialize                    text4        001272
__end_of_UART1_Initialize                     text5        001136
__end_of_UART1_SetErrorHandler                text8        00130C
__end_of_UART1_SetFramingErrorHandler         text7        0012FE
__end_of_UART1_SetOverrunErrorHandler         text6        0012F0
__end_of_UART1_Write                          text3        0012D2
__end_of__initialization                      cinit        0012A4
__end_of_main                                 text0        00119A
__end_of_printf                               text1        0011F8
__end_of_putch                                text2        001316
__initialization                              cinit        001290
__mediumconst                                 mediumconst  000000
__pbssCOMRAM                                  bssCOMRAM    00000F
__pcinit                                      cinit        001290
__pcstackCOMRAM                               cstackCOMRAM 000001
__pivt0x8                                     ivt0x8       000008
__pnvCOMRAM                                   nvCOMRAM     000009
__psmallconst                                 smallconst   001000
__ptext0                                      text0        001136
__ptext1                                      text1        0011CA
__ptext10                                     text10       00101C
__ptext11                                     text11       0012AA
__ptext12                                     text12       001316
__ptext13                                     text13       00119A
__ptext14                                     text14       0011F8
__ptext15                                     text15       001224
__ptext16                                     text16       0012D2
__ptext17                                     text17       00131E
__ptext2                                      text2        00130C
__ptext3                                      text3        0012C2
__ptext4                                      text4        001250
__ptext5                                      text5        0010CE
__ptext6                                      text6        0012E2
__ptext7                                      text7        0012F0
__ptext8                                      text8        0012FE
__ptext9                                      text9        001272
__ramtop                                      ramtop       001000
__size_of_CLC1_Initialize                     (abs)        000000
__size_of_CLC2_Initialize                     (abs)        000000
__size_of_CLC3_ISR                            (abs)        000000
__size_of_CLC3_Initialize                     (abs)        000000
__size_of_INTERRUPT_Initialize                (abs)        000000
__size_of_INTERRUPT_InterruptManagerHigh      (abs)        000000
__size_of_OSCILLATOR_Initialize               (abs)        000000
__size_of_PIN_MANAGER_Initialize              (abs)        000000
__size_of_PMD_Initialize                      (abs)        000000
__size_of_SYSTEM_Initialize                   (abs)        000000
__size_of_UART1_Initialize                    (abs)        000000
__size_of_UART1_SetErrorHandler               (abs)        000000
__size_of_UART1_SetFramingErrorHandler        (abs)        000000
__size_of_UART1_SetOverrunErrorHandler        (abs)        000000
__size_of_UART1_Write                         (abs)        000000
__size_of_main                                (abs)        000000
__size_of_printf                              (abs)        000000
__size_of_putch                               (abs)        000000
__smallconst                                  smallconst   001000
_main                                         text0        001136
_printf                                       text1        0011CA
_putch                                        text2        00130C
_uart1RxLastError                             bssCOMRAM    000012
end_of_initialization                         cinit        0012A4
intlevel0                                     text         000000
intlevel1                                     text         000000
intlevel2                                     text         000000
intlevel3                                     text         000000
ivt0x8_base                                   ivt0x8       000008
main@i                                        cstackCOMRAM 000008
printf@ap                                     cstackCOMRAM 000005
printf@c                                      cstackCOMRAM 000006
printf@f                                      cstackCOMRAM 000003
putch@txData                                  cstackCOMRAM 000002
stackhi                                       (abs)        000FFF
stacklo                                       (abs)        000060
start                                         init         00001A
start_initialization                          cinit        001290


FUNCTION INFORMATION:

 *************** function _main *****************
 Defined at:
		line 65 in file "main.c"
 Parameters:    Size  Location     Type
		None
 Auto vars:     Size  Location     Type
  i               1    7[COMRAM] unsigned char 
  registerSele    1    0        unsigned char 
 Return value:  Size  Location     Type
                  1    wreg      void 
 Registers used:
		wreg, status,2, status,0, tblptrl, tblptrh, tblptru, cstack
 Tracked objects:
		On entry : 
		On exit  : 
		Unchanged: 
 Data sizes:     COMRAM   BANK0   BANK1   BANK2   BANK3   BANK4   BANK5   BANK6   BANK7   BANK8   BANK9  BANK10  BANK11  BANK12  BANK13  BANK14  BANK15
      Params:         0       0       0       0       0       0       0       0       0       0       0       0       0       0       0       0       0
      Locals:         1       0       0       0       0       0       0       0       0       0       0       0       0       0       0       0       0
      Temps:          1       0       0       0       0       0       0       0       0       0       0       0       0       0       0       0       0
      Totals:         2       0       0       0       0       0       0       0       0       0       0       0       0       0       0       0       0
Total ram usage:        2 bytes
 Hardware stack levels required when called:    5
 This function calls:
		_SYSTEM_Initialize
		_printf
 This function is called by:
		Startup code after reset
 This function uses a non-reentrant model


 *************** function _printf *****************
 Defined at:
		line 472 in file "/Applications/microchip/xc8/v2.05/pic/sources/c90/common/doprnt.c"
 Parameters:    Size  Location     Type
  f               1    2[COMRAM] PTR const unsigned char 
		 -> STR_2(25), STR_1(3), 
 Auto vars:     Size  Location     Type
  tmpval          4    0        struct .
  cp              3    0        PTR const unsigned char 
  len             2    0        unsigned int 
  val             2    0        unsigned int 
  c               1    5[COMRAM] unsigned char 
  ap              1    4[COMRAM] PTR void [1]
		 -> ?_printf(2), 
  flag            1    0        unsigned char 
  prec            1    0        char 
 Return value:  Size  Location     Type
                  2    2[COMRAM] int 
 Registers used:
		wreg, status,2, status,0, tblptrl, tblptrh, tblptru, cstack
 Tracked objects:
		On entry : 
		On exit  : 
		Unchanged: 
 Data sizes:     COMRAM   BANK0   BANK1   BANK2   BANK3   BANK4   BANK5   BANK6   BANK7   BANK8   BANK9  BANK10  BANK11  BANK12  BANK13  BANK14  BANK15
      Params:         1       0       0       0       0       0       0       0       0       0       0       0       0       0       0       0       0
      Locals:         2       0       0       0       0       0       0       0       0       0       0       0       0       0       0       0       0
      Temps:          1       0       0       0       0       0       0       0       0       0       0       0       0       0       0       0       0
      Totals:         4       0       0       0       0       0       0       0       0       0       0       0       0       0       0       0       0
Total ram usage:        4 bytes
 Hardware stack levels used:    1
 Hardware stack levels required when called:    4
 This function calls:
		_putch
 This function is called by:
		_main
 This function uses a non-reentrant model


 *************** function _putch *****************
 Defined at:
		line 184 in file "mcc_generated_files/uart1.c"
 Parameters:    Size  Location     Type
  txData          1    wreg     unsigned char 
 Auto vars:     Size  Location     Type
  txData          1    1[COMRAM] unsigned char 
 Return value:  Size  Location     Type
                  1    wreg      void 
 Registers used:
		wreg, status,2, cstack
 Tracked objects:
		On entry : 
		On exit  : 
		Unchanged: 
 Data sizes:     COMRAM   BANK0   BANK1   BANK2   BANK3   BANK4   BANK5   BANK6   BANK7   BANK8   BANK9  BANK10  BANK11  BANK12  BANK13  BANK14  BANK15
      Params:         0       0       0       0       0       0       0       0       0       0       0       0       0       0       0       0       0
      Locals:         1       0       0       0       0       0       0       0       0       0       0       0       0       0       0       0       0
      Temps:          0       0       0       0       0       0       0       0       0       0       0       0       0       0       0       0       0
      Totals:         1       0       0       0       0       0       0       0       0       0       0       0       0       0       0       0       0
Total ram usage:        1 bytes
 Hardware stack levels used:    1
 Hardware stack levels required when called:    3
 This function calls:
		_UART1_Write
 This function is called by:
		_printf
 This function uses a non-reentrant model


 *************** function _UART1_Write *****************
 Defined at:
		line 170 in file "mcc_generated_files/uart1.c"
 Parameters:    Size  Location     Type
  txData          1    wreg     unsigned char 
 Auto vars:     Size  Location     Type
  txData          1    0[COMRAM] unsigned char 
 Return value:  Size  Location     Type
                  1    wreg      void 
 Registers used:
		wreg
 Tracked objects:
		On entry : 
		On exit  : 
		Unchanged: 
 Data sizes:     COMRAM   BANK0   BANK1   BANK2   BANK3   BANK4   BANK5   BANK6   BANK7   BANK8   BANK9  BANK10  BANK11  BANK12  BANK13  BANK14  BANK15
      Params:         0       0       0       0       0       0       0       0       0       0       0       0       0       0       0       0       0
      Locals:         1       0       0       0       0       0       0       0       0       0       0       0       0       0       0       0       0
      Temps:          0       0       0       0       0       0       0       0       0       0       0       0       0       0       0       0       0
      Totals:         1       0       0       0       0       0       0       0       0       0       0       0       0       0       0       0       0
Total ram usage:        1 bytes
 Hardware stack levels used:    1
 Hardware stack levels required when called:    2
 This function calls:
		Nothing
 This function is called by:
		_putch
 This function uses a non-reentrant model


 *************** function _SYSTEM_Initialize *****************
 Defined at:
		line 50 in file "mcc_generated_files/mcc.c"
 Parameters:    Size  Location     Type
		None
 Auto vars:     Size  Location     Type
		None
 Return value:  Size  Location     Type
                  1    wreg      void 
 Registers used:
		wreg, status,2, status,0, cstack
 Tracked objects:
		On entry : 
		On exit  : 
		Unchanged: 
 Data sizes:     COMRAM   BANK0   BANK1   BANK2   BANK3   BANK4   BANK5   BANK6   BANK7   BANK8   BANK9  BANK10  BANK11  BANK12  BANK13  BANK14  BANK15
      Params:         0       0       0       0       0       0       0       0       0       0       0       0       0       0       0       0       0
      Locals:         0       0       0       0       0       0       0       0       0       0       0       0       0       0       0       0       0
      Temps:          0       0       0       0       0       0       0       0       0       0       0       0       0       0       0       0       0
      Totals:         0       0       0       0       0       0       0       0       0       0       0       0       0       0       0       0       0
Total ram usage:        0 bytes
 Hardware stack levels used:    1
 Hardware stack levels required when called:    4
 This function calls:
		_CLC1_Initialize
		_CLC2_Initialize
		_CLC3_Initialize
		_INTERRUPT_Initialize
		_OSCILLATOR_Initialize
		_PIN_MANAGER_Initialize
		_PMD_Initialize
		_UART1_Initialize
 This function is called by:
		_main
 This function uses a non-reentrant model


 *************** function _UART1_Initialize *****************
 Defined at:
		line 66 in file "mcc_generated_files/uart1.c"
 Parameters:    Size  Location     Type
		None
 Auto vars:     Size  Location     Type
		None
 Return value:  Size  Location     Type
                  1    wreg      void 
 Registers used:
		wreg, status,2, status,0, cstack
 Tracked objects:
		On entry : 
		On exit  : 
		Unchanged: 
 Data sizes:     COMRAM   BANK0   BANK1   BANK2   BANK3   BANK4   BANK5   BANK6   BANK7   BANK8   BANK9  BANK10  BANK11  BANK12  BANK13  BANK14  BANK15
      Params:         0       0       0       0       0       0       0       0       0       0       0       0       0       0       0       0       0
      Locals:         0       0       0       0       0       0       0       0       0       0       0       0       0       0       0       0       0
      Temps:          0       0       0       0       0       0       0       0       0       0       0       0       0       0       0       0       0
      Totals:         0       0       0       0       0       0       0       0       0       0       0       0       0       0       0       0       0
Total ram usage:        0 bytes
 Hardware stack levels used:    1
 Hardware stack levels required when called:    3
 This function calls:
		_UART1_SetErrorHandler
		_UART1_SetFramingErrorHandler
		_UART1_SetOverrunErrorHandler
 This function is called by:
		_SYSTEM_Initialize
 This function uses a non-reentrant model


 *************** function _UART1_SetOverrunErrorHandler *****************
 Defined at:
		line 204 in file "mcc_generated_files/uart1.c"
 Parameters:    Size  Location     Type
  interruptHan    2    0[COMRAM] PTR FTN()void 
		 -> UART1_DefaultOverrunErrorHandler(1), 
 Auto vars:     Size  Location     Type
		None
 Return value:  Size  Location     Type
                  1    wreg      void 
 Registers used:
		wreg, status,2, status,0
 Tracked objects:
		On entry : 
		On exit  : 
		Unchanged: 
 Data sizes:     COMRAM   BANK0   BANK1   BANK2   BANK3   BANK4   BANK5   BANK6   BANK7   BANK8   BANK9  BANK10  BANK11  BANK12  BANK13  BANK14  BANK15
      Params:         2       0       0       0       0       0       0       0       0       0       0       0       0       0       0       0       0
      Locals:         0       0       0       0       0       0       0       0       0       0       0       0       0       0       0       0       0
      Temps:          0       0       0       0       0       0       0       0       0       0       0       0       0       0       0       0       0
      Totals:         2       0       0       0       0       0       0       0       0       0       0       0       0       0       0       0       0
Total ram usage:        2 bytes
 Hardware stack levels used:    1
 Hardware stack levels required when called:    2
 This function calls:
		Nothing
 This function is called by:
		_UART1_Initialize
 This function uses a non-reentrant model


 *************** function _UART1_SetFramingErrorHandler *****************
 Defined at:
		line 200 in file "mcc_generated_files/uart1.c"
 Parameters:    Size  Location     Type
  interruptHan    2    0[COMRAM] PTR FTN()void 
		 -> UART1_DefaultFramingErrorHandler(1), 
 Auto vars:     Size  Location     Type
		None
 Return value:  Size  Location     Type
                  1    wreg      void 
 Registers used:
		wreg, status,2, status,0
 Tracked objects:
		On entry : 
		On exit  : 
		Unchanged: 
 Data sizes:     COMRAM   BANK0   BANK1   BANK2   BANK3   BANK4   BANK5   BANK6   BANK7   BANK8   BANK9  BANK10  BANK11  BANK12  BANK13  BANK14  BANK15
      Params:         2       0       0       0       0       0       0       0       0       0       0       0       0       0       0       0       0
      Locals:         0       0       0       0       0       0       0       0       0       0       0       0       0       0       0       0       0
      Temps:          0       0       0       0       0       0       0       0       0       0       0       0       0       0       0       0       0
      Totals:         2       0       0       0       0       0       0       0       0       0       0       0       0       0       0       0       0
Total ram usage:        2 bytes
 Hardware stack levels used:    1
 Hardware stack levels required when called:    2
 This function calls:
		Nothing
 This function is called by:
		_UART1_Initialize
 This function uses a non-reentrant model


 *************** function _UART1_SetErrorHandler *****************
 Defined at:
		line 208 in file "mcc_generated_files/uart1.c"
 Parameters:    Size  Location     Type
  interruptHan    2    0[COMRAM] PTR FTN()void 
		 -> UART1_DefaultErrorHandler(1), 
 Auto vars:     Size  Location     Type
		None
 Return value:  Size  Location     Type
                  1    wreg      void 
 Registers used:
		wreg, status,2, status,0
 Tracked objects:
		On entry : 
		On exit  : 
		Unchanged: 
 Data sizes:     COMRAM   BANK0   BANK1   BANK2   BANK3   BANK4   BANK5   BANK6   BANK7   BANK8   BANK9  BANK10  BANK11  BANK12  BANK13  BANK14  BANK15
      Params:         2       0       0       0       0       0       0       0       0       0       0       0       0       0       0       0       0
      Locals:         0       0       0       0       0       0       0       0       0       0       0       0       0       0       0       0       0
      Temps:          0       0       0       0       0       0       0       0       0       0       0       0       0       0       0       0       0
      Totals:         2       0       0       0       0       0       0       0       0       0       0       0       0       0       0       0       0
Total ram usage:        2 bytes
 Hardware stack levels used:    1
 Hardware stack levels required when called:    2
 This function calls:
		Nothing
 This function is called by:
		_UART1_Initialize
 This function uses a non-reentrant model


 *************** function _PMD_Initialize *****************
 Defined at:
		line 76 in file "mcc_generated_files/mcc.c"
 Parameters:    Size  Location     Type
		None
 Auto vars:     Size  Location     Type
		None
 Return value:  Size  Location     Type
                  1    wreg      void 
 Registers used:
		wreg, status,2
 Tracked objects:
		On entry : 
		On exit  : 
		Unchanged: 
 Data sizes:     COMRAM   BANK0   BANK1   BANK2   BANK3   BANK4   BANK5   BANK6   BANK7   BANK8   BANK9  BANK10  BANK11  BANK12  BANK13  BANK14  BANK15
      Params:         0       0       0       0       0       0       0       0       0       0       0       0       0       0       0       0       0
      Locals:         0       0       0       0       0       0       0       0       0       0       0       0       0       0       0       0       0
      Temps:          0       0       0       0       0       0       0       0       0       0       0       0       0       0       0       0       0
      Totals:         0       0       0       0       0       0       0       0       0       0       0       0       0       0       0       0       0
Total ram usage:        0 bytes
 Hardware stack levels used:    1
 Hardware stack levels required when called:    2
 This function calls:
		Nothing
 This function is called by:
		_SYSTEM_Initialize
 This function uses a non-reentrant model


 *************** function _PIN_MANAGER_Initialize *****************
 Defined at:
		line 55 in file "mcc_generated_files/pin_manager.c"
 Parameters:    Size  Location     Type
		None
 Auto vars:     Size  Location     Type
		None
 Return value:  Size  Location     Type
                  1    wreg      void 
 Registers used:
		wreg, status,2
 Tracked objects:
		On entry : 
		On exit  : 
		Unchanged: 
 Data sizes:     COMRAM   BANK0   BANK1   BANK2   BANK3   BANK4   BANK5   BANK6   BANK7   BANK8   BANK9  BANK10  BANK11  BANK12  BANK13  BANK14  BANK15
      Params:         0       0       0       0       0       0       0       0       0       0       0       0       0       0       0       0       0
      Locals:         0       0       0       0       0       0       0       0       0       0       0       0       0       0       0       0       0
      Temps:          0       0       0       0       0       0       0       0       0       0       0       0       0       0       0       0       0
      Totals:         0       0       0       0       0       0       0       0       0       0       0       0       0       0       0       0       0
Total ram usage:        0 bytes
 Hardware stack levels used:    1
 Hardware stack levels required when called:    2
 This function calls:
		Nothing
 This function is called by:
		_SYSTEM_Initialize
 This function uses a non-reentrant model


 *************** function _OSCILLATOR_Initialize *****************
 Defined at:
		line 62 in file "mcc_generated_files/mcc.c"
 Parameters:    Size  Location     Type
		None
 Auto vars:     Size  Location     Type
		None
 Return value:  Size  Location     Type
                  1    wreg      void 
 Registers used:
		wreg, status,2
 Tracked objects:
		On entry : 
		On exit  : 
		Unchanged: 
 Data sizes:     COMRAM   BANK0   BANK1   BANK2   BANK3   BANK4   BANK5   BANK6   BANK7   BANK8   BANK9  BANK10  BANK11  BANK12  BANK13  BANK14  BANK15
      Params:         0       0       0       0       0       0       0       0       0       0       0       0       0       0       0       0       0
      Locals:         0       0       0       0       0       0       0       0       0       0       0       0       0       0       0       0       0
      Temps:          0       0       0       0       0       0       0       0       0       0       0       0       0       0       0       0       0
      Totals:         0       0       0       0       0       0       0       0       0       0       0       0       0       0       0       0       0
Total ram usage:        0 bytes
 Hardware stack levels used:    1
 Hardware stack levels required when called:    2
 This function calls:
		Nothing
 This function is called by:
		_SYSTEM_Initialize
 This function uses a non-reentrant model


 *************** function _INTERRUPT_Initialize *****************
 Defined at:
		line 52 in file "mcc_generated_files/interrupt_manager.c"
 Parameters:    Size  Location     Type
		None
 Auto vars:     Size  Location     Type
		None
 Return value:  Size  Location     Type
                  1    wreg      void 
 Registers used:
		None
 Tracked objects:
		On entry : 
		On exit  : 
		Unchanged: 
 Data sizes:     COMRAM   BANK0   BANK1   BANK2   BANK3   BANK4   BANK5   BANK6   BANK7   BANK8   BANK9  BANK10  BANK11  BANK12  BANK13  BANK14  BANK15
      Params:         0       0       0       0       0       0       0       0       0       0       0       0       0       0       0       0       0
      Locals:         0       0       0       0       0       0       0       0       0       0       0       0       0       0       0       0       0
      Temps:          0       0       0       0       0       0       0       0       0       0       0       0       0       0       0       0       0
      Totals:         0       0       0       0       0       0       0       0       0       0       0       0       0       0       0       0       0
Total ram usage:        0 bytes
 Hardware stack levels used:    1
 Hardware stack levels required when called:    2
 This function calls:
		Nothing
 This function is called by:
		_SYSTEM_Initialize
 This function uses a non-reentrant model


 *************** function _CLC3_Initialize *****************
 Defined at:
		line 60 in file "mcc_generated_files/clc3.c"
 Parameters:    Size  Location     Type
		None
 Auto vars:     Size  Location     Type
		None
 Return value:  Size  Location     Type
                  1    wreg      void 
 Registers used:
		wreg, status,2
 Tracked objects:
		On entry : 
		On exit  : 
		Unchanged: 
 Data sizes:     COMRAM   BANK0   BANK1   BANK2   BANK3   BANK4   BANK5   BANK6   BANK7   BANK8   BANK9  BANK10  BANK11  BANK12  BANK13  BANK14  BANK15
      Params:         0       0       0       0       0       0       0       0       0       0       0       0       0       0       0       0       0
      Locals:         0       0       0       0       0       0       0       0       0       0       0       0       0       0       0       0       0
      Temps:          0       0       0       0       0       0       0       0       0       0       0       0       0       0       0       0       0
      Totals:         0       0       0       0       0       0       0       0       0       0       0       0       0       0       0       0       0
Total ram usage:        0 bytes
 Hardware stack levels used:    1
 Hardware stack levels required when called:    2
 This function calls:
		Nothing
 This function is called by:
		_SYSTEM_Initialize
 This function uses a non-reentrant model


 *************** function _CLC2_Initialize *****************
 Defined at:
		line 58 in file "mcc_generated_files/clc2.c"
 Parameters:    Size  Location     Type
		None
 Auto vars:     Size  Location     Type
		None
 Return value:  Size  Location     Type
                  1    wreg      void 
 Registers used:
		wreg, status,2
 Tracked objects:
		On entry : 
		On exit  : 
		Unchanged: 
 Data sizes:     COMRAM   BANK0   BANK1   BANK2   BANK3   BANK4   BANK5   BANK6   BANK7   BANK8   BANK9  BANK10  BANK11  BANK12  BANK13  BANK14  BANK15
      Params:         0       0       0       0       0       0       0       0       0       0       0       0       0       0       0       0       0
      Locals:         0       0       0       0       0       0       0       0       0       0       0       0       0       0       0       0       0
      Temps:          0       0       0       0       0       0       0       0       0       0       0       0       0       0       0       0       0
      Totals:         0       0       0       0       0       0       0       0       0       0       0       0       0       0       0       0       0
Total ram usage:        0 bytes
 Hardware stack levels used:    1
 Hardware stack levels required when called:    2
 This function calls:
		Nothing
 This function is called by:
		_SYSTEM_Initialize
 This function uses a non-reentrant model


 *************** function _CLC1_Initialize *****************
 Defined at:
		line 58 in file "mcc_generated_files/clc1.c"
 Parameters:    Size  Location     Type
		None
 Auto vars:     Size  Location     Type
		None
 Return value:  Size  Location     Type
                  1    wreg      void 
 Registers used:
		wreg, status,2
 Tracked objects:
		On entry : 
		On exit  : 
		Unchanged: 
 Data sizes:     COMRAM   BANK0   BANK1   BANK2   BANK3   BANK4   BANK5   BANK6   BANK7   BANK8   BANK9  BANK10  BANK11  BANK12  BANK13  BANK14  BANK15
      Params:         0       0       0       0       0       0       0       0       0       0       0       0       0       0       0       0       0
      Locals:         0       0       0       0       0       0       0       0       0       0       0       0       0       0       0       0       0
      Temps:          0       0       0       0       0       0       0       0       0       0       0       0       0       0       0       0       0
      Totals:         0       0       0       0       0       0       0       0       0       0       0       0       0       0       0       0       0
Total ram usage:        0 bytes
 Hardware stack levels used:    1
 Hardware stack levels required when called:    2
 This function calls:
		Nothing
 This function is called by:
		_SYSTEM_Initialize
 This function uses a non-reentrant model


 *************** function _INTERRUPT_InterruptManagerHigh *****************
 Defined at:
		line 65 in file "mcc_generated_files/interrupt_manager.c"
 Parameters:    Size  Location     Type
		None
 Auto vars:     Size  Location     Type
		None
 Return value:  Size  Location     Type
                  1    wreg      void 
 Registers used:
		wreg, status,2, cstack
 Tracked objects:
		On entry : 
		On exit  : 
		Unchanged: 
 Data sizes:     COMRAM   BANK0   BANK1   BANK2   BANK3   BANK4   BANK5   BANK6   BANK7   BANK8   BANK9  BANK10  BANK11  BANK12  BANK13  BANK14  BANK15
      Params:         0       0       0       0       0       0       0       0       0       0       0       0       0       0       0       0       0
      Locals:         0       0       0       0       0       0       0       0       0       0       0       0       0       0       0       0       0
      Temps:          0       0       0       0       0       0       0       0       0       0       0       0       0       0       0       0       0
      Totals:         0       0       0       0       0       0       0       0       0       0       0       0       0       0       0       0       0
Total ram usage:        0 bytes
 Hardware stack levels used:    1
 Hardware stack levels required when called:    1
 This function calls:
		_CLC3_ISR
 This function is called by:
		Interrupt level 2
 This function uses a non-reentrant model


 *************** function _CLC3_ISR *****************
 Defined at:
		line 91 in file "mcc_generated_files/clc3.c"
 Parameters:    Size  Location     Type
		None
 Auto vars:     Size  Location     Type
		None
 Return value:  Size  Location     Type
                  1    wreg      void 
 Registers used:
		wreg, status,2
 Tracked objects:
		On entry : 
		On exit  : 
		Unchanged: 
 Data sizes:     COMRAM   BANK0   BANK1   BANK2   BANK3   BANK4   BANK5   BANK6   BANK7   BANK8   BANK9  BANK10  BANK11  BANK12  BANK13  BANK14  BANK15
      Params:         0       0       0       0       0       0       0       0       0       0       0       0       0       0       0       0       0
      Locals:         0       0       0       0       0       0       0       0       0       0       0       0       0       0       0       0       0
      Temps:          0       0       0       0       0       0       0       0       0       0       0       0       0       0       0       0       0
      Totals:         0       0       0       0       0       0       0       0       0       0       0       0       0       0       0       0       0
Total ram usage:        0 bytes
 Hardware stack levels used:    1
 This function calls:
		Nothing
 This function is called by:
		_INTERRUPT_InterruptManagerHigh
 This function uses a non-reentrant model



MODULE INFORMATION

Module		Function		Class		Link	Load	Size
mcc_generated_files/interrupt_manager.c
		_INTERRUPT_Initialize		CODE           	1316	0000	9
		_INTERRUPT_InterruptManagerHigh		CODE           	12D2	0000	17

mcc_generated_files/interrupt_manager.c estimated size: 26

mcc_generated_files/pin_manager.c
		_PIN_MANAGER_Initialize		CODE           	101C	0000	179

mcc_generated_files/pin_manager.c estimated size: 179

mcc_generated_files/clc2.c
		_CLC2_Initialize		CODE           	11F8	0000	45

mcc_generated_files/clc2.c estimated size: 45

mcc_generated_files/uart1.c
		_UART1_Write   		CODE           	12C2	0000	17
		_putch         		CODE           	130C	0000	11
		_UART1_SetFramingErrorHandler		CODE           	12F0	0000	15
		_UART1_SetOverrunErrorHandler		CODE           	12E2	0000	15
		_UART1_Initialize		CODE           	10CE	0000	105
		_UART1_SetErrorHandler		CODE           	12FE	0000	15

mcc_generated_files/uart1.c estimated size: 178

shared
		__initialization		CODE           	1290	0000	21

shared estimated size: 21

mcc_generated_files/mcc.c
		_PMD_Initialize		CODE           	1272	0000	31
		_OSCILLATOR_Initialize		CODE           	12AA	0000	25
		_SYSTEM_Initialize		CODE           	1250	0000	35

mcc_generated_files/mcc.c estimated size: 91

/Applications/microchip/xc8/v2.05/pic/sources/c90/common/doprnt.c
		_printf        		CODE           	11CA	0000	47

/Applications/microchip/xc8/v2.05/pic/sources/c90/common/doprnt.c estimated size: 47

main.c
		_main          		CODE           	1136	0000	101

main.c estimated size: 101

mcc_generated_files/clc3.c
		_CLC3_ISR      		CODE           	131E	0000	9
		_CLC3_Initialize		CODE           	119A	0000	49

mcc_generated_files/clc3.c estimated size: 58

mcc_generated_files/clc1.c
		_CLC1_Initialize		CODE           	1224	0000	45

mcc_generated_files/clc1.c estimated size: 45

